2025-03-22 20:33:51,428 - INFO - patching driver executable /home/josito/.local/share/undetected_chromedriver/undetected_chromedriver
2025-03-22 20:33:52,159 - INFO - 📄 Cargando página 1: https://www.coches.net/segunda-mano/?pg=1
2025-03-22 20:33:57,124 - INFO - 🔗 Extraídos 30 enlaces
2025-03-22 20:33:57,124 - INFO - 📄 Cargando página 2: https://www.coches.net/segunda-mano/?pg=2
2025-03-22 20:34:02,227 - INFO - 🔗 Extraídos 30 enlaces
2025-03-22 20:34:02,228 - INFO - 📄 Cargando página 3: https://www.coches.net/segunda-mano/?pg=3
2025-03-22 20:34:07,908 - INFO - 🔗 Extraídos 30 enlaces
2025-03-22 20:34:07,908 - INFO - 📄 Cargando página 4: https://www.coches.net/segunda-mano/?pg=4
2025-03-22 20:34:12,746 - INFO - 🔗 Extraídos 30 enlaces
2025-03-22 20:34:12,747 - INFO - 📄 Cargando página 5: https://www.coches.net/segunda-mano/?pg=5
2025-03-22 20:34:18,734 - INFO - 🔗 Extraídos 30 enlaces
2025-03-22 20:34:18,734 - INFO - 📄 Cargando página 6: https://www.coches.net/segunda-mano/?pg=6
2025-03-22 20:34:23,197 - INFO - 🔗 Extraídos 30 enlaces
2025-03-22 20:34:23,197 - INFO - 📄 Cargando página 7: https://www.coches.net/segunda-mano/?pg=7
2025-03-22 20:34:57,976 - INFO - 🔗 Extraídos 30 enlaces
2025-03-22 20:34:57,976 - INFO - 📄 Cargando página 8: https://www.coches.net/segunda-mano/?pg=8
2025-03-22 20:35:01,916 - INFO - 🔗 Extraídos 30 enlaces
2025-03-22 20:35:01,919 - INFO - 📄 Cargando página 9: https://www.coches.net/segunda-mano/?pg=9
2025-03-22 20:35:06,278 - INFO - 🔗 Extraídos 30 enlaces
2025-03-22 20:35:06,279 - INFO - 📄 Cargando página 10: https://www.coches.net/segunda-mano/?pg=10
2025-03-22 20:35:12,376 - INFO - 🔗 Extraídos 30 enlaces
2025-03-22 20:35:12,376 - INFO - 📄 Cargando página 11: https://www.coches.net/segunda-mano/?pg=11
2025-03-22 20:35:18,424 - INFO - 🔗 Extraídos 30 enlaces
2025-03-22 20:35:18,426 - INFO - 📄 Cargando página 12: https://www.coches.net/segunda-mano/?pg=12
2025-03-22 20:35:23,459 - INFO - 🔗 Extraídos 30 enlaces
2025-03-22 20:35:23,460 - INFO - 📄 Cargando página 13: https://www.coches.net/segunda-mano/?pg=13
2025-03-22 20:35:27,735 - INFO - 🔗 Extraídos 30 enlaces
2025-03-22 20:35:27,735 - INFO - 📄 Cargando página 14: https://www.coches.net/segunda-mano/?pg=14
2025-03-22 20:35:32,744 - INFO - 🔗 Extraídos 30 enlaces
2025-03-22 20:35:32,744 - INFO - 📄 Cargando página 15: https://www.coches.net/segunda-mano/?pg=15
2025-03-22 20:35:37,464 - INFO - 🔗 Extraídos 30 enlaces
2025-03-22 20:35:37,464 - INFO - 📄 Cargando página 16: https://www.coches.net/segunda-mano/?pg=16
2025-03-22 20:35:43,312 - INFO - 🔗 Extraídos 30 enlaces
2025-03-22 20:35:43,312 - INFO - 📄 Cargando página 17: https://www.coches.net/segunda-mano/?pg=17
2025-03-22 20:35:48,861 - INFO - 🔗 Extraídos 30 enlaces
2025-03-22 20:35:48,861 - INFO - 📄 Cargando página 18: https://www.coches.net/segunda-mano/?pg=18
2025-03-22 20:35:53,434 - INFO - 🔗 Extraídos 30 enlaces
2025-03-22 20:35:53,434 - INFO - 📄 Cargando página 19: https://www.coches.net/segunda-mano/?pg=19
2025-03-22 20:35:57,931 - INFO - 🔗 Extraídos 30 enlaces
2025-03-22 20:35:57,931 - INFO - 📄 Cargando página 20: https://www.coches.net/segunda-mano/?pg=20
2025-03-22 20:36:02,463 - INFO - 🔗 Extraídos 30 enlaces
2025-03-22 20:36:02,463 - INFO - 📄 Cargando página 21: https://www.coches.net/segunda-mano/?pg=21
2025-03-22 20:36:07,344 - INFO - 🔗 Extraídos 30 enlaces
2025-03-22 20:36:07,345 - INFO - 📄 Cargando página 22: https://www.coches.net/segunda-mano/?pg=22
2025-03-22 20:36:12,179 - INFO - 🔗 Extraídos 30 enlaces
2025-03-22 20:36:12,179 - INFO - 📄 Cargando página 23: https://www.coches.net/segunda-mano/?pg=23
2025-03-22 20:36:16,712 - INFO - 🔗 Extraídos 30 enlaces
2025-03-22 20:36:16,712 - INFO - 📄 Cargando página 24: https://www.coches.net/segunda-mano/?pg=24
2025-03-22 20:36:21,438 - INFO - 🔗 Extraídos 30 enlaces
2025-03-22 20:36:21,439 - INFO - 📄 Cargando página 25: https://www.coches.net/segunda-mano/?pg=25
2025-03-22 20:36:25,574 - INFO - 🔗 Extraídos 30 enlaces
2025-03-22 20:36:27,624 - INFO - 📄 Cargando página 26: https://www.coches.net/segunda-mano/?pg=26
2025-03-22 20:36:31,771 - INFO - 🔗 Extraídos 30 enlaces
2025-03-22 20:36:31,771 - INFO - 📄 Cargando página 27: https://www.coches.net/segunda-mano/?pg=27
2025-03-22 20:36:37,083 - INFO - 🔗 Extraídos 30 enlaces
2025-03-22 20:36:37,084 - INFO - 📄 Cargando página 28: https://www.coches.net/segunda-mano/?pg=28
2025-03-22 20:36:41,664 - INFO - 🔗 Extraídos 30 enlaces
2025-03-22 20:36:41,664 - INFO - 📄 Cargando página 29: https://www.coches.net/segunda-mano/?pg=29
2025-03-22 20:36:46,886 - INFO - 🔗 Extraídos 30 enlaces
2025-03-22 20:36:46,887 - INFO - 📄 Cargando página 30: https://www.coches.net/segunda-mano/?pg=30
2025-03-22 20:36:50,936 - INFO - 🔗 Extraídos 30 enlaces
2025-03-22 20:36:50,936 - INFO - 📄 Cargando página 31: https://www.coches.net/segunda-mano/?pg=31
2025-03-22 20:36:55,753 - INFO - 🔗 Extraídos 30 enlaces
2025-03-22 20:36:55,753 - INFO - 📄 Cargando página 32: https://www.coches.net/segunda-mano/?pg=32
2025-03-22 20:37:00,666 - INFO - 🔗 Extraídos 30 enlaces
2025-03-22 20:37:00,666 - INFO - 📄 Cargando página 33: https://www.coches.net/segunda-mano/?pg=33
2025-03-22 20:37:05,502 - INFO - 🔗 Extraídos 30 enlaces
2025-03-22 20:37:05,502 - INFO - 📄 Cargando página 34: https://www.coches.net/segunda-mano/?pg=34
2025-03-22 20:37:09,800 - INFO - 🔗 Extraídos 30 enlaces
2025-03-22 20:37:09,801 - INFO - 📄 Cargando página 35: https://www.coches.net/segunda-mano/?pg=35
2025-03-22 20:37:14,385 - INFO - 🔗 Extraídos 30 enlaces
2025-03-22 20:37:14,386 - INFO - 📄 Cargando página 36: https://www.coches.net/segunda-mano/?pg=36
2025-03-22 20:37:19,872 - INFO - 🔗 Extraídos 30 enlaces
2025-03-22 20:37:19,872 - INFO - 📄 Cargando página 37: https://www.coches.net/segunda-mano/?pg=37
2025-03-22 20:37:24,821 - INFO - 🔗 Extraídos 30 enlaces
2025-03-22 20:37:24,821 - INFO - 📄 Cargando página 38: https://www.coches.net/segunda-mano/?pg=38
2025-03-22 20:37:28,840 - INFO - 🔗 Extraídos 30 enlaces
2025-03-22 20:37:28,841 - INFO - 📄 Cargando página 39: https://www.coches.net/segunda-mano/?pg=39
2025-03-22 20:37:32,983 - INFO - 🔗 Extraídos 30 enlaces
2025-03-22 20:37:32,984 - INFO - 📄 Cargando página 40: https://www.coches.net/segunda-mano/?pg=40
2025-03-22 20:37:36,695 - INFO - 🔗 Extraídos 30 enlaces
2025-03-22 20:37:36,695 - INFO - 📄 Cargando página 41: https://www.coches.net/segunda-mano/?pg=41
2025-03-22 20:37:41,110 - INFO - 🔗 Extraídos 30 enlaces
2025-03-22 20:37:41,111 - INFO - 📄 Cargando página 42: https://www.coches.net/segunda-mano/?pg=42
2025-03-22 20:37:45,856 - INFO - 🔗 Extraídos 30 enlaces
2025-03-22 20:37:45,856 - INFO - 📄 Cargando página 43: https://www.coches.net/segunda-mano/?pg=43
2025-03-22 20:37:50,058 - INFO - 🔗 Extraídos 30 enlaces
2025-03-22 20:37:50,059 - INFO - 📄 Cargando página 44: https://www.coches.net/segunda-mano/?pg=44
2025-03-22 20:37:55,030 - INFO - 🔗 Extraídos 30 enlaces
2025-03-22 20:37:55,030 - INFO - 📄 Cargando página 45: https://www.coches.net/segunda-mano/?pg=45
2025-03-22 20:37:58,740 - INFO - 🔗 Extraídos 30 enlaces
2025-03-22 20:37:58,740 - INFO - 📄 Cargando página 46: https://www.coches.net/segunda-mano/?pg=46
2025-03-22 20:38:02,788 - INFO - 🔗 Extraídos 30 enlaces
2025-03-22 20:38:02,788 - INFO - 📄 Cargando página 47: https://www.coches.net/segunda-mano/?pg=47
2025-03-22 20:38:06,265 - INFO - 🔗 Extraídos 30 enlaces
2025-03-22 20:38:06,265 - INFO - 📄 Cargando página 48: https://www.coches.net/segunda-mano/?pg=48
2025-03-22 20:38:10,631 - INFO - 🔗 Extraídos 30 enlaces
2025-03-22 20:38:10,631 - INFO - 📄 Cargando página 49: https://www.coches.net/segunda-mano/?pg=49
2025-03-22 20:38:14,440 - INFO - 🔗 Extraídos 30 enlaces
2025-03-22 20:38:14,440 - INFO - 📄 Cargando página 50: https://www.coches.net/segunda-mano/?pg=50
2025-03-22 20:38:18,631 - INFO - 🔗 Extraídos 30 enlaces
2025-03-22 20:38:20,894 - INFO - 📄 Procesando car_links_2025-03-22_20-33.txt (1500 enlaces)
2025-03-22 20:38:20,895 - INFO - 🔗 Scraping coche 1/1500 de car_links_2025-03-22_20-33.txt: https://www.coches.net/ford-fiesta-1.0-ecoboost-74kw-stline-ss-5p-5p-gasolina-2019-en-barcelona-60069073-covo.aspx
2025-03-22 20:38:21,525 - INFO - 🔗 Scraping coche 2/1500 de car_links_2025-03-22_20-33.txt: https://www.coches.net/peugeot-308-5p-style-1.5-bluehdi-96kw-130cv-5p-diesel-2019-en-madrid-60150103-covo.aspx
2025-03-22 20:38:22,476 - INFO - 🔗 Scraping coche 3/1500 de car_links_2025-03-22_20-33.txt: https://www.coches.net/ford-focus-1.5-ecoblue-88kw-titanium-5p-diesel-2021-en-madrid-59987467-covo.aspx
2025-03-22 20:38:22,855 - INFO - 🔗 Scraping coche 4/1500 de car_links_2025-03-22_20-33.txt: https://www.coches.net/renault-clio-business-sce-53-kw-72cv-5p-gasolina-2019-en-barcelona-60045611-covo.aspx
2025-03-22 20:38:23,403 - INFO - 🔗 Scraping coche 5/1500 de car_links_2025-03-22_20-33.txt: https://www.coches.net/opel-corsa-1.2t-xhl-74kw-100cv-elegance-5p-gasolina-2020-en-alicante-60003771-covo.aspx
2025-03-22 20:38:23,760 - INFO - 🔗 Scraping coche 6/1500 de car_links_2025-03-22_20-33.txt: https://www.coches.net/ford-focus-1.0-ecoboost-92kw-stline-5p-gasolina-2017-en-madrid-60102809-covo.aspx
2025-03-22 20:38:23,838 - WARNING - 🚨 Bloqueado en: https://www.coches.net/ford-focus-1.0-ecoboost-92kw-stline-5p-gasolina-2017-en-madrid-60102809-covo.aspx
2025-03-22 20:38:24,916 - WARNING - 🚨 Bloqueado en: https://www.coches.net/ford-focus-1.0-ecoboost-92kw-stline-5p-gasolina-2017-en-madrid-60102809-covo.aspx
2025-03-22 20:38:26,991 - WARNING - 🚨 Bloqueado en: https://www.coches.net/ford-focus-1.0-ecoboost-92kw-stline-5p-gasolina-2017-en-madrid-60102809-covo.aspx
2025-03-22 20:38:31,290 - WARNING - 🚨 Bloqueado en: https://www.coches.net/ford-focus-1.0-ecoboost-92kw-stline-5p-gasolina-2017-en-madrid-60102809-covo.aspx
2025-03-22 20:38:39,396 - WARNING - 🚨 Bloqueado en: https://www.coches.net/ford-focus-1.0-ecoboost-92kw-stline-5p-gasolina-2017-en-madrid-60102809-covo.aspx
2025-03-22 20:38:55,397 - INFO - 🔗 Scraping coche 7/1500 de car_links_2025-03-22_20-33.txt: https://www.coches.net/seat-ibiza-10-tsi-81kw-110cv-style-5p-gasolina-2022-en-girona-60164224-covo.aspx
2025-03-22 20:38:55,472 - WARNING - 🚨 Bloqueado en: https://www.coches.net/seat-ibiza-10-tsi-81kw-110cv-style-5p-gasolina-2022-en-girona-60164224-covo.aspx
2025-03-22 20:38:56,549 - WARNING - 🚨 Bloqueado en: https://www.coches.net/seat-ibiza-10-tsi-81kw-110cv-style-5p-gasolina-2022-en-girona-60164224-covo.aspx
2025-03-22 20:38:58,682 - WARNING - 🚨 Bloqueado en: https://www.coches.net/seat-ibiza-10-tsi-81kw-110cv-style-5p-gasolina-2022-en-girona-60164224-covo.aspx
2025-03-22 20:39:03,311 - WARNING - 🚨 Bloqueado en: https://www.coches.net/seat-ibiza-10-tsi-81kw-110cv-style-5p-gasolina-2022-en-girona-60164224-covo.aspx
2025-03-22 20:39:11,402 - WARNING - 🚨 Bloqueado en: https://www.coches.net/seat-ibiza-10-tsi-81kw-110cv-style-5p-gasolina-2022-en-girona-60164224-covo.aspx
2025-03-22 20:39:27,403 - INFO - 🔗 Scraping coche 8/1500 de car_links_2025-03-22_20-33.txt: https://www.coches.net/volkswagen-polo-advance-1.0-tsi-70kw-95cv-5p-gasolina-2020-en-sta.-c.-tenerife-59979093-covo.aspx
2025-03-22 20:39:27,492 - WARNING - 🚨 Bloqueado en: https://www.coches.net/volkswagen-polo-advance-1.0-tsi-70kw-95cv-5p-gasolina-2020-en-sta.-c.-tenerife-59979093-covo.aspx
2025-03-22 20:39:28,726 - WARNING - 🚨 Bloqueado en: https://www.coches.net/volkswagen-polo-advance-1.0-tsi-70kw-95cv-5p-gasolina-2020-en-sta.-c.-tenerife-59979093-covo.aspx
2025-03-22 20:39:30,810 - WARNING - 🚨 Bloqueado en: https://www.coches.net/volkswagen-polo-advance-1.0-tsi-70kw-95cv-5p-gasolina-2020-en-sta.-c.-tenerife-59979093-covo.aspx
2025-03-22 20:39:35,007 - WARNING - 🚨 Bloqueado en: https://www.coches.net/volkswagen-polo-advance-1.0-tsi-70kw-95cv-5p-gasolina-2020-en-sta.-c.-tenerife-59979093-covo.aspx
2025-03-22 20:39:43,262 - WARNING - 🚨 Bloqueado en: https://www.coches.net/volkswagen-polo-advance-1.0-tsi-70kw-95cv-5p-gasolina-2020-en-sta.-c.-tenerife-59979093-covo.aspx
2025-03-22 20:39:59,264 - INFO - 🔗 Scraping coche 9/1500 de car_links_2025-03-22_20-33.txt: https://www.coches.net/dacia-sandero-stepway-comfort-tce-66kw-90cv--ss-5p-gasolina-2019-en-madrid-60103028-covo.aspx
2025-03-22 20:39:59,428 - WARNING - 🚨 Bloqueado en: https://www.coches.net/dacia-sandero-stepway-comfort-tce-66kw-90cv--ss-5p-gasolina-2019-en-madrid-60103028-covo.aspx
2025-03-22 20:40:00,497 - WARNING - 🚨 Bloqueado en: https://www.coches.net/dacia-sandero-stepway-comfort-tce-66kw-90cv--ss-5p-gasolina-2019-en-madrid-60103028-covo.aspx
2025-03-22 20:40:02,613 - WARNING - 🚨 Bloqueado en: https://www.coches.net/dacia-sandero-stepway-comfort-tce-66kw-90cv--ss-5p-gasolina-2019-en-madrid-60103028-covo.aspx
2025-03-22 20:40:06,802 - WARNING - 🚨 Bloqueado en: https://www.coches.net/dacia-sandero-stepway-comfort-tce-66kw-90cv--ss-5p-gasolina-2019-en-madrid-60103028-covo.aspx
2025-03-22 20:41:33,968 - INFO - patching driver executable /home/josito/.local/share/undetected_chromedriver/undetected_chromedriver
2025-03-22 20:41:34,641 - INFO - 📄 Cargando página 1: https://www.coches.net/segunda-mano/?pg=1
2025-03-22 20:41:39,643 - INFO - 🔗 Extraídos 30 enlaces
2025-03-22 20:41:39,643 - INFO - 📄 Cargando página 2: https://www.coches.net/segunda-mano/?pg=2
2025-03-22 20:41:44,939 - INFO - 🔗 Extraídos 30 enlaces
2025-03-22 20:41:45,052 - INFO - 📄 Procesando car_links_2025-03-22_20-33.txt (1500 enlaces)
2025-03-22 20:41:45,053 - INFO - 🔗 Scraping coche 1/1500 de car_links_2025-03-22_20-33.txt: https://www.coches.net/ford-fiesta-1.0-ecoboost-74kw-stline-ss-5p-5p-gasolina-2019-en-barcelona-60069073-covo.aspx
2025-03-22 20:41:45,136 - WARNING - 🚨 Bloqueado en: https://www.coches.net/ford-fiesta-1.0-ecoboost-74kw-stline-ss-5p-5p-gasolina-2019-en-barcelona-60069073-covo.aspx
2025-03-22 20:41:46,193 - WARNING - 🚨 Bloqueado en: https://www.coches.net/ford-fiesta-1.0-ecoboost-74kw-stline-ss-5p-5p-gasolina-2019-en-barcelona-60069073-covo.aspx
2025-03-22 20:41:48,258 - WARNING - 🚨 Bloqueado en: https://www.coches.net/ford-fiesta-1.0-ecoboost-74kw-stline-ss-5p-5p-gasolina-2019-en-barcelona-60069073-covo.aspx
2025-03-22 20:41:52,380 - WARNING - 🚨 Bloqueado en: https://www.coches.net/ford-fiesta-1.0-ecoboost-74kw-stline-ss-5p-5p-gasolina-2019-en-barcelona-60069073-covo.aspx
2025-03-22 20:42:00,466 - WARNING - 🚨 Bloqueado en: https://www.coches.net/ford-fiesta-1.0-ecoboost-74kw-stline-ss-5p-5p-gasolina-2019-en-barcelona-60069073-covo.aspx
2025-03-22 20:42:16,467 - INFO - 🔗 Scraping coche 2/1500 de car_links_2025-03-22_20-33.txt: https://www.coches.net/peugeot-308-5p-style-1.5-bluehdi-96kw-130cv-5p-diesel-2019-en-madrid-60150103-covo.aspx
2025-03-22 20:42:16,647 - WARNING - 🚨 Bloqueado en: https://www.coches.net/peugeot-308-5p-style-1.5-bluehdi-96kw-130cv-5p-diesel-2019-en-madrid-60150103-covo.aspx
2025-03-22 20:42:17,713 - WARNING - 🚨 Bloqueado en: https://www.coches.net/peugeot-308-5p-style-1.5-bluehdi-96kw-130cv-5p-diesel-2019-en-madrid-60150103-covo.aspx
2025-03-22 20:47:41,366 - INFO - patching driver executable /home/josito/.local/share/undetected_chromedriver/undetected_chromedriver
2025-03-22 20:47:41,968 - INFO - 📄 Cargando página 1: https://www.coches.net/segunda-mano/?pg=1
2025-03-22 20:47:46,662 - INFO - 🔗 Extraídos 30 enlaces
2025-03-22 20:47:46,662 - INFO - 📄 Cargando página 2: https://www.coches.net/segunda-mano/?pg=2
2025-03-22 20:47:52,147 - INFO - 🔗 Extraídos 30 enlaces
2025-03-22 20:47:52,261 - INFO - 📄 Procesando car_links_2025-03-22_20-33.txt (1500 enlaces)
2025-03-22 20:47:52,261 - INFO - 🔗 Scraping coche 1/1500 de car_links_2025-03-22_20-33.txt: https://www.coches.net/ford-fiesta-1.0-ecoboost-74kw-stline-ss-5p-5p-gasolina-2019-en-barcelona-60069073-covo.aspx
2025-03-22 20:47:52,406 - WARNING - 🚨 Bloqueado en: https://www.coches.net/ford-fiesta-1.0-ecoboost-74kw-stline-ss-5p-5p-gasolina-2019-en-barcelona-60069073-covo.aspx
2025-03-22 20:47:53,473 - WARNING - 🚨 Bloqueado en: https://www.coches.net/ford-fiesta-1.0-ecoboost-74kw-stline-ss-5p-5p-gasolina-2019-en-barcelona-60069073-covo.aspx
2025-03-22 20:47:55,595 - WARNING - 🚨 Bloqueado en: https://www.coches.net/ford-fiesta-1.0-ecoboost-74kw-stline-ss-5p-5p-gasolina-2019-en-barcelona-60069073-covo.aspx
2025-03-22 20:47:59,793 - WARNING - 🚨 Bloqueado en: https://www.coches.net/ford-fiesta-1.0-ecoboost-74kw-stline-ss-5p-5p-gasolina-2019-en-barcelona-60069073-covo.aspx
2025-03-22 20:48:07,865 - WARNING - 🚨 Bloqueado en: https://www.coches.net/ford-fiesta-1.0-ecoboost-74kw-stline-ss-5p-5p-gasolina-2019-en-barcelona-60069073-covo.aspx
2025-03-22 20:48:11,298 - INFO - ⚠️ Interrupción detectada. Guardando datos parciales...
2025-03-22 20:48:11,298 - INFO - Enlaces parciales guardados en: data/car_links_partial_2025-03-22_20-48.txt
2025-03-22 20:48:11,298 - INFO - ✅ Datos parciales guardados exitosamente
2025-03-22 20:48:11,299 - INFO - ✅ Scraping completado en 19.04 segundos.
2025-03-22 20:50:46,692 - INFO - patching driver executable /home/josito/.local/share/undetected_chromedriver/undetected_chromedriver
2025-03-22 20:50:47,470 - INFO - 📄 Cargando página 1: https://www.coches.net/segunda-mano/?pg=1
2025-03-22 20:50:52,343 - INFO - 🔗 Extraídos 30 enlaces
2025-03-22 20:50:52,344 - INFO - 📄 Cargando página 2: https://www.coches.net/segunda-mano/?pg=2
2025-03-22 20:50:56,276 - INFO - 🔗 Extraídos 30 enlaces
2025-03-22 20:50:56,391 - INFO - 📄 Procesando car_links_2025-03-22_20-33.txt (1500 enlaces)
2025-03-22 20:50:56,392 - INFO - 🔗 Scraping coche 1/1500 de car_links_2025-03-22_20-33.txt: https://www.coches.net/ford-fiesta-1.0-ecoboost-74kw-stline-ss-5p-5p-gasolina-2019-en-barcelona-60069073-covo.aspx
2025-03-22 20:50:56,471 - WARNING - 🚨 Bloqueado en: https://www.coches.net/ford-fiesta-1.0-ecoboost-74kw-stline-ss-5p-5p-gasolina-2019-en-barcelona-60069073-covo.aspx
2025-03-22 20:50:57,567 - WARNING - 🚨 Bloqueado en: https://www.coches.net/ford-fiesta-1.0-ecoboost-74kw-stline-ss-5p-5p-gasolina-2019-en-barcelona-60069073-covo.aspx
2025-03-22 20:50:59,628 - WARNING - 🚨 Bloqueado en: https://www.coches.net/ford-fiesta-1.0-ecoboost-74kw-stline-ss-5p-5p-gasolina-2019-en-barcelona-60069073-covo.aspx
2025-03-22 20:51:03,812 - WARNING - 🚨 Bloqueado en: https://www.coches.net/ford-fiesta-1.0-ecoboost-74kw-stline-ss-5p-5p-gasolina-2019-en-barcelona-60069073-covo.aspx
2025-03-22 20:51:05,502 - INFO - ⚠️ Interrupción detectada. Guardando datos parciales...
2025-03-22 20:51:05,503 - INFO - Enlaces parciales guardados en: data/car_links_partial_2025-03-22_20-51.txt
2025-03-22 20:51:05,504 - INFO - ✅ Datos parciales guardados exitosamente
2025-03-22 20:54:14,512 - INFO - patching driver executable /home/josito/.local/share/undetected_chromedriver/undetected_chromedriver
2025-03-22 20:54:15,272 - INFO - 📄 Cargando página 1: https://www.coches.net/segunda-mano/?pg=1
2025-03-22 20:54:20,565 - INFO - 🔗 Extraídos 30 enlaces
2025-03-22 20:54:20,566 - INFO - 📄 Cargando página 2: https://www.coches.net/segunda-mano/?pg=2
2025-03-22 20:54:23,668 - INFO - 🔗 Extraídos 30 enlaces
2025-03-22 20:54:23,786 - INFO - 📄 Procesando el archivo más reciente: data/car_links_2025-03-22_20-54.txt
2025-03-22 20:54:23,786 - INFO - 📄 Procesando car_links_2025-03-22_20-54.txt (60 enlaces)
2025-03-22 20:54:23,786 - INFO - 🔗 Scraping coche 1/60 de car_links_2025-03-22_20-54.txt: https://www.coches.net/opel-corsa-1.2-xel-55kw-75cv-edition-5p-gasolina-2022-en-vizcaya-59890707-covo.aspx
2025-03-22 20:54:24,193 - WARNING - 🚨 Bloqueado en: https://www.coches.net/opel-corsa-1.2-xel-55kw-75cv-edition-5p-gasolina-2022-en-vizcaya-59890707-covo.aspx
2025-03-22 20:54:25,262 - WARNING - 🚨 Bloqueado en: https://www.coches.net/opel-corsa-1.2-xel-55kw-75cv-edition-5p-gasolina-2022-en-vizcaya-59890707-covo.aspx
2025-03-22 20:54:27,324 - WARNING - 🚨 Bloqueado en: https://www.coches.net/opel-corsa-1.2-xel-55kw-75cv-edition-5p-gasolina-2022-en-vizcaya-59890707-covo.aspx
2025-03-22 20:54:31,577 - WARNING - 🚨 Bloqueado en: https://www.coches.net/opel-corsa-1.2-xel-55kw-75cv-edition-5p-gasolina-2022-en-vizcaya-59890707-covo.aspx
2025-03-22 20:54:39,675 - WARNING - 🚨 Bloqueado en: https://www.coches.net/opel-corsa-1.2-xel-55kw-75cv-edition-5p-gasolina-2022-en-vizcaya-59890707-covo.aspx
2025-03-22 20:54:55,676 - INFO - 🔗 Scraping coche 2/60 de car_links_2025-03-22_20-54.txt: https://www.coches.net/ford-fiesta-1.0-ecoboost-74kw-stline-ss-5p-5p-gasolina-2019-en-barcelona-60069073-covo.aspx
2025-03-22 20:54:55,744 - WARNING - 🚨 Bloqueado en: https://www.coches.net/ford-fiesta-1.0-ecoboost-74kw-stline-ss-5p-5p-gasolina-2019-en-barcelona-60069073-covo.aspx
2025-03-22 20:54:56,808 - WARNING - 🚨 Bloqueado en: https://www.coches.net/ford-fiesta-1.0-ecoboost-74kw-stline-ss-5p-5p-gasolina-2019-en-barcelona-60069073-covo.aspx
2025-03-22 20:54:58,885 - WARNING - 🚨 Bloqueado en: https://www.coches.net/ford-fiesta-1.0-ecoboost-74kw-stline-ss-5p-5p-gasolina-2019-en-barcelona-60069073-covo.aspx
2025-03-22 20:55:02,953 - WARNING - 🚨 Bloqueado en: https://www.coches.net/ford-fiesta-1.0-ecoboost-74kw-stline-ss-5p-5p-gasolina-2019-en-barcelona-60069073-covo.aspx
2025-03-22 20:55:11,111 - WARNING - 🚨 Bloqueado en: https://www.coches.net/ford-fiesta-1.0-ecoboost-74kw-stline-ss-5p-5p-gasolina-2019-en-barcelona-60069073-covo.aspx
2025-03-22 20:55:27,111 - INFO - 🔗 Scraping coche 3/60 de car_links_2025-03-22_20-54.txt: https://www.coches.net/peugeot-308-5p-style-1.5-bluehdi-96kw-130cv-5p-diesel-2019-en-madrid-60150103-covo.aspx
2025-03-22 20:55:27,249 - WARNING - 🚨 Bloqueado en: https://www.coches.net/peugeot-308-5p-style-1.5-bluehdi-96kw-130cv-5p-diesel-2019-en-madrid-60150103-covo.aspx
2025-03-22 20:55:28,487 - WARNING - 🚨 Bloqueado en: https://www.coches.net/peugeot-308-5p-style-1.5-bluehdi-96kw-130cv-5p-diesel-2019-en-madrid-60150103-covo.aspx
2025-03-22 20:55:30,567 - WARNING - 🚨 Bloqueado en: https://www.coches.net/peugeot-308-5p-style-1.5-bluehdi-96kw-130cv-5p-diesel-2019-en-madrid-60150103-covo.aspx
2025-03-22 20:55:34,762 - WARNING - 🚨 Bloqueado en: https://www.coches.net/peugeot-308-5p-style-1.5-bluehdi-96kw-130cv-5p-diesel-2019-en-madrid-60150103-covo.aspx
2025-03-22 20:55:42,952 - WARNING - 🚨 Bloqueado en: https://www.coches.net/peugeot-308-5p-style-1.5-bluehdi-96kw-130cv-5p-diesel-2019-en-madrid-60150103-covo.aspx
2025-03-22 20:55:58,952 - INFO - 🔗 Scraping coche 4/60 de car_links_2025-03-22_20-54.txt: https://www.coches.net/ford-focus-1.5-ecoblue-88kw-titanium-5p-diesel-2021-en-madrid-59987467-covo.aspx
2025-03-22 20:55:59,849 - WARNING - 🚨 Bloqueado en: https://www.coches.net/ford-focus-1.5-ecoblue-88kw-titanium-5p-diesel-2021-en-madrid-59987467-covo.aspx
2025-03-22 20:56:00,976 - WARNING - 🚨 Bloqueado en: https://www.coches.net/ford-focus-1.5-ecoblue-88kw-titanium-5p-diesel-2021-en-madrid-59987467-covo.aspx
2025-03-22 20:56:03,074 - WARNING - 🚨 Bloqueado en: https://www.coches.net/ford-focus-1.5-ecoblue-88kw-titanium-5p-diesel-2021-en-madrid-59987467-covo.aspx
2025-03-22 20:56:06,671 - INFO - ⚠️ Interrupción detectada. Guardando datos parciales...
2025-03-22 20:56:06,673 - INFO - Enlaces parciales guardados en: data/car_links_partial_2025-03-22_20-56.txt
2025-03-22 20:56:06,674 - INFO - ✅ Datos parciales guardados exitosamente
2025-03-22 20:57:40,744 - INFO - patching driver executable /home/josito/.local/share/undetected_chromedriver/undetected_chromedriver
2025-03-22 20:57:41,635 - INFO - 📄 Cargando página 1: https://www.coches.net/segunda-mano/?pg=1
2025-03-22 20:58:00,471 - ERROR - Error en página 1: ('Connection aborted.', RemoteDisconnected('Remote end closed connection without response'))
2025-03-22 20:58:00,483 - INFO - 📄 Procesando el archivo más reciente: data/car_links_2025-03-22_20-57.txt
2025-03-22 20:58:00,484 - INFO - 📄 Procesando car_links_2025-03-22_20-57.txt (0 enlaces)
2025-03-22 20:58:01,653 - INFO - ✅ Scraping completado en 1.17 segundos.
2025-03-22 20:58:17,880 - INFO - patching driver executable /home/josito/.local/share/undetected_chromedriver/undetected_chromedriver
2025-03-22 20:58:18,541 - INFO - 📄 Cargando página 1: https://www.coches.net/segunda-mano/?pg=1
2025-03-22 20:58:22,806 - INFO - 🔗 Extraídos 30 enlaces
2025-03-22 20:58:22,806 - INFO - 📄 Cargando página 2: https://www.coches.net/segunda-mano/?pg=2
2025-03-22 20:58:26,804 - INFO - 🔗 Extraídos 30 enlaces
2025-03-22 20:58:26,812 - INFO - 📄 Procesando el archivo más reciente: data/car_links_2025-03-22_20-58.txt
2025-03-22 20:58:26,812 - INFO - 📄 Procesando car_links_2025-03-22_20-58.txt (60 enlaces)
2025-03-22 20:58:28,217 - INFO - 🔗 Scraping coche 1/60 de car_links_2025-03-22_20-58.txt: https://www.coches.net/opel-corsa-1.2-xel-55kw-75cv-edition-5p-gasolina-2022-en-vizcaya-59890707-covo.aspx
2025-03-22 20:58:31,466 - INFO - 🔗 Scraping coche 2/60 de car_links_2025-03-22_20-58.txt: https://www.coches.net/ford-fiesta-1.0-ecoboost-74kw-stline-ss-5p-5p-gasolina-2019-en-barcelona-60069073-covo.aspx
2025-03-22 20:58:35,659 - INFO - 🔗 Scraping coche 3/60 de car_links_2025-03-22_20-58.txt: https://www.coches.net/peugeot-308-5p-style-1.5-bluehdi-96kw-130cv-5p-diesel-2019-en-madrid-60150103-covo.aspx
2025-03-22 20:58:39,690 - INFO - 🔗 Scraping coche 4/60 de car_links_2025-03-22_20-58.txt: https://www.coches.net/ford-focus-1.5-ecoblue-88kw-titanium-5p-diesel-2021-en-madrid-59987467-covo.aspx
2025-03-22 20:58:43,958 - INFO - 🔗 Scraping coche 5/60 de car_links_2025-03-22_20-58.txt: https://www.coches.net/citroen-c3-puretech-60kw-82cv-105g-business-5p-gasolina-2018-en-vizcaya-59985675-covo.aspx
2025-03-22 20:58:46,634 - INFO - 🔗 Scraping coche 6/60 de car_links_2025-03-22_20-58.txt: https://www.coches.net/renault-clio-business-sce-53-kw-72cv-5p-gasolina-2019-en-barcelona-60045611-covo.aspx
2025-03-22 20:58:50,550 - WARNING - 🚨 Bloqueado en: https://www.coches.net/renault-clio-business-sce-53-kw-72cv-5p-gasolina-2019-en-barcelona-60045611-covo.aspx (intento 1)
2025-03-22 20:58:50,550 - INFO - Esperando 2.32 segundos antes del siguiente intento...
2025-03-22 20:58:56,536 - WARNING - 🚨 Bloqueado en: https://www.coches.net/renault-clio-business-sce-53-kw-72cv-5p-gasolina-2019-en-barcelona-60045611-covo.aspx (intento 2)
2025-03-22 20:58:56,537 - INFO - Esperando 4.92 segundos antes del siguiente intento...
2025-03-22 20:59:03,861 - WARNING - 🚨 Bloqueado en: https://www.coches.net/renault-clio-business-sce-53-kw-72cv-5p-gasolina-2019-en-barcelona-60045611-covo.aspx (intento 3)
2025-03-22 20:59:03,862 - INFO - Esperando 10.45 segundos antes del siguiente intento...
2025-03-22 20:59:16,888 - WARNING - 🚨 Bloqueado en: https://www.coches.net/renault-clio-business-sce-53-kw-72cv-5p-gasolina-2019-en-barcelona-60045611-covo.aspx (intento 4)
2025-03-22 20:59:16,889 - INFO - Esperando 17.24 segundos antes del siguiente intento...
2025-03-22 20:59:36,631 - WARNING - 🚨 Bloqueado en: https://www.coches.net/renault-clio-business-sce-53-kw-72cv-5p-gasolina-2019-en-barcelona-60045611-covo.aspx (intento 5)
2025-03-22 20:59:36,631 - INFO - Esperando 16.57 segundos antes del siguiente intento...
2025-03-22 20:59:53,204 - INFO - 🔗 Scraping coche 7/60 de car_links_2025-03-22_20-58.txt: https://www.coches.net/opel-corsa-1.2t-xhl-74kw-100cv-elegance-5p-gasolina-2020-en-alicante-60003771-covo.aspx
2025-03-22 20:59:56,077 - WARNING - 🚨 Bloqueado en: https://www.coches.net/opel-corsa-1.2t-xhl-74kw-100cv-elegance-5p-gasolina-2020-en-alicante-60003771-covo.aspx (intento 1)
2025-03-22 20:59:56,077 - INFO - Esperando 2.19 segundos antes del siguiente intento...
2025-03-22 21:00:01,456 - WARNING - 🚨 Bloqueado en: https://www.coches.net/opel-corsa-1.2t-xhl-74kw-100cv-elegance-5p-gasolina-2020-en-alicante-60003771-covo.aspx (intento 2)
2025-03-22 21:00:01,469 - INFO - Esperando 4.11 segundos antes del siguiente intento...
2025-03-22 21:00:08,886 - WARNING - 🚨 Bloqueado en: https://www.coches.net/opel-corsa-1.2t-xhl-74kw-100cv-elegance-5p-gasolina-2020-en-alicante-60003771-covo.aspx (intento 3)
2025-03-22 21:00:08,887 - INFO - Esperando 6.48 segundos antes del siguiente intento...
2025-03-22 21:00:18,287 - WARNING - 🚨 Bloqueado en: https://www.coches.net/opel-corsa-1.2t-xhl-74kw-100cv-elegance-5p-gasolina-2020-en-alicante-60003771-covo.aspx (intento 4)
2025-03-22 21:00:18,287 - INFO - Esperando 21.63 segundos antes del siguiente intento...
2025-03-22 21:00:43,636 - WARNING - 🚨 Bloqueado en: https://www.coches.net/opel-corsa-1.2t-xhl-74kw-100cv-elegance-5p-gasolina-2020-en-alicante-60003771-covo.aspx (intento 5)
2025-03-22 21:00:43,636 - INFO - Esperando 44.28 segundos antes del siguiente intento...
2025-03-22 21:01:27,918 - INFO - 🔗 Scraping coche 8/60 de car_links_2025-03-22_20-58.txt: https://www.coches.net/ford-focus-1.0-ecoboost-92kw-stline-5p-gasolina-2017-en-madrid-60102809-covo.aspx
2025-03-22 21:01:31,016 - WARNING - 🚨 Bloqueado en: https://www.coches.net/ford-focus-1.0-ecoboost-92kw-stline-5p-gasolina-2017-en-madrid-60102809-covo.aspx (intento 1)
2025-03-22 21:01:31,017 - INFO - Esperando 1.72 segundos antes del siguiente intento...
2025-03-22 21:01:35,503 - WARNING - 🚨 Bloqueado en: https://www.coches.net/ford-focus-1.0-ecoboost-92kw-stline-5p-gasolina-2017-en-madrid-60102809-covo.aspx (intento 2)
2025-03-22 21:01:35,503 - INFO - Esperando 2.16 segundos antes del siguiente intento...
2025-03-22 21:01:36,263 - INFO - ⚠️ Interrupción detectada. Guardando datos parciales...
2025-03-22 21:01:36,265 - INFO - Enlaces parciales guardados en: data/car_links_partial_2025-03-22_21-01.txt
2025-03-22 21:01:36,266 - INFO - ✅ Datos parciales guardados exitosamente
2025-03-22 21:01:42,746 - INFO - patching driver executable /home/josito/.local/share/undetected_chromedriver/undetected_chromedriver
2025-03-22 21:01:43,382 - INFO - 📄 Cargando página 1: https://www.coches.net/segunda-mano/?pg=1
2025-03-22 21:01:46,791 - INFO - 🔗 Extraídos 4 enlaces
2025-03-22 21:01:46,791 - INFO - 📄 Cargando página 2: https://www.coches.net/segunda-mano/?pg=2
2025-03-22 21:01:50,730 - INFO - 🔗 Extraídos 30 enlaces
2025-03-22 21:01:50,842 - INFO - 📄 Procesando el archivo más reciente: data/car_links_2025-03-22_21-01.txt
2025-03-22 21:01:50,842 - INFO - 📄 Procesando car_links_2025-03-22_21-01.txt (34 enlaces)
2025-03-22 21:01:52,507 - INFO - 🔗 Scraping coche 1/34 de car_links_2025-03-22_21-01.txt: https://www.coches.net/opel-corsa-12-xel-55kw-75cv-edition-5p-gasolina-2022-en-vizcaya-59890707-covo.aspx
2025-03-22 21:01:55,406 - WARNING - 🚨 Bloqueado en: https://www.coches.net/opel-corsa-12-xel-55kw-75cv-edition-5p-gasolina-2022-en-vizcaya-59890707-covo.aspx (intento 1)
2025-03-22 21:01:55,406 - INFO - Esperando 1.77 segundos antes del siguiente intento...
2025-03-22 21:01:59,377 - WARNING - 🚨 Bloqueado en: https://www.coches.net/opel-corsa-12-xel-55kw-75cv-edition-5p-gasolina-2022-en-vizcaya-59890707-covo.aspx (intento 2)
2025-03-22 21:01:59,377 - INFO - Esperando 4.80 segundos antes del siguiente intento...
2025-03-22 21:02:06,854 - WARNING - 🚨 Bloqueado en: https://www.coches.net/opel-corsa-12-xel-55kw-75cv-edition-5p-gasolina-2022-en-vizcaya-59890707-covo.aspx (intento 3)
2025-03-22 21:02:06,855 - INFO - Esperando 9.09 segundos antes del siguiente intento...
2025-03-22 21:02:19,041 - WARNING - 🚨 Bloqueado en: https://www.coches.net/opel-corsa-12-xel-55kw-75cv-edition-5p-gasolina-2022-en-vizcaya-59890707-covo.aspx (intento 4)
2025-03-22 21:02:19,042 - INFO - Esperando 19.95 segundos antes del siguiente intento...
2025-03-22 21:02:42,079 - WARNING - 🚨 Bloqueado en: https://www.coches.net/opel-corsa-12-xel-55kw-75cv-edition-5p-gasolina-2022-en-vizcaya-59890707-covo.aspx (intento 5)
2025-03-22 21:02:42,080 - INFO - Esperando 27.88 segundos antes del siguiente intento...
2025-03-22 21:03:00,508 - INFO - ⚠️ Interrupción detectada. Guardando datos parciales...
2025-03-22 21:03:00,509 - INFO - Enlaces parciales guardados en: data/car_links_partial_2025-03-22_21-03.txt
2025-03-22 21:03:00,509 - INFO - ✅ Datos parciales guardados exitosamente
2025-03-22 21:05:15,682 - INFO - patching driver executable /home/josito/.local/share/undetected_chromedriver/undetected_chromedriver
2025-03-22 21:05:16,317 - INFO - 📄 Cargando página 1: https://www.coches.net/segunda-mano/?pg=1
2025-03-22 21:05:20,463 - INFO - 🔗 Extraídos 30 enlaces
2025-03-22 21:05:20,463 - INFO - 📄 Cargando página 2: https://www.coches.net/segunda-mano/?pg=2
2025-03-22 21:05:24,741 - INFO - 🔗 Extraídos 30 enlaces
2025-03-22 21:05:24,863 - INFO - 📄 Procesando el archivo más reciente: data/car_links_2025-03-22_21-05.txt
2025-03-22 21:05:24,863 - INFO - 📄 Procesando car_links_2025-03-22_21-05.txt (60 enlaces)
2025-03-22 21:05:26,063 - INFO - 🔗 Scraping coche 1/60 de car_links_2025-03-22_21-05.txt: https://www.coches.net/opel-corsa-12-xel-55kw-75cv-edition-5p-gasolina-2022-en-vizcaya-59890707-covo.aspx
2025-03-22 21:05:28,984 - WARNING - 🚨 Bloqueado en: https://www.coches.net/opel-corsa-12-xel-55kw-75cv-edition-5p-gasolina-2022-en-vizcaya-59890707-covo.aspx (intento 1)
2025-03-22 21:05:28,984 - INFO - Esperando 2.48 segundos antes del siguiente intento...
2025-03-22 21:05:35,437 - WARNING - 🚨 Bloqueado en: https://www.coches.net/opel-corsa-12-xel-55kw-75cv-edition-5p-gasolina-2022-en-vizcaya-59890707-covo.aspx (intento 2)
2025-03-22 21:05:35,437 - INFO - Esperando 5.30 segundos antes del siguiente intento...
2025-03-22 21:05:44,866 - WARNING - 🚨 Bloqueado en: https://www.coches.net/opel-corsa-12-xel-55kw-75cv-edition-5p-gasolina-2022-en-vizcaya-59890707-covo.aspx (intento 3)
2025-03-22 21:05:44,867 - INFO - Esperando 9.04 segundos antes del siguiente intento...
2025-03-22 21:05:46,608 - INFO - ⚠️ Interrupción detectada. Guardando datos parciales...
2025-03-22 21:05:46,610 - INFO - Enlaces parciales guardados en: data/car_links_partial_2025-03-22_21-05.txt
2025-03-22 21:05:46,610 - INFO - ✅ Datos parciales guardados exitosamente
2025-03-22 21:08:10,341 - INFO - patching driver executable /home/josito/.local/share/undetected_chromedriver/undetected_chromedriver
2025-03-22 21:08:11,115 - INFO - 📄 Cargando página 1: https://www.coches.net/segunda-mano/?pg=1
2025-03-22 21:08:22,005 - INFO - 🔗 Extraídos 30 enlaces
2025-03-22 21:08:22,005 - INFO - 📄 Cargando página 2: https://www.coches.net/segunda-mano/?pg=2
2025-03-22 21:08:26,196 - INFO - 🔗 Extraídos 30 enlaces
2025-03-22 21:08:26,315 - INFO - 📄 Procesando el archivo más reciente: data/car_links_2025-03-22_21-08.txt
2025-03-22 21:08:26,316 - INFO - 📄 Procesando car_links_2025-03-22_21-08.txt (60 enlaces)
2025-03-22 21:08:27,576 - INFO - 🔗 Scraping coche 1/60 de car_links_2025-03-22_21-08.txt: https://www.coches.net/opel-corsa-12-xel-55kw-75cv-edition-5p-gasolina-2022-en-vizcaya-59890707-covo.aspx
2025-03-22 21:08:30,449 - WARNING - 🚨 Bloqueado en: https://www.coches.net/opel-corsa-12-xel-55kw-75cv-edition-5p-gasolina-2022-en-vizcaya-59890707-covo.aspx (intento 1)
2025-03-22 21:08:30,450 - INFO - Esperando 1.95 segundos antes del siguiente intento...
2025-03-22 21:08:35,569 - WARNING - 🚨 Bloqueado en: https://www.coches.net/opel-corsa-12-xel-55kw-75cv-edition-5p-gasolina-2022-en-vizcaya-59890707-covo.aspx (intento 2)
2025-03-22 21:08:35,570 - INFO - Esperando 3.19 segundos antes del siguiente intento...
2025-03-22 21:08:41,615 - WARNING - 🚨 Bloqueado en: https://www.coches.net/opel-corsa-12-xel-55kw-75cv-edition-5p-gasolina-2022-en-vizcaya-59890707-covo.aspx (intento 3)
2025-03-22 21:08:41,616 - INFO - Esperando 6.84 segundos antes del siguiente intento...
2025-03-22 21:08:51,642 - WARNING - 🚨 Bloqueado en: https://www.coches.net/opel-corsa-12-xel-55kw-75cv-edition-5p-gasolina-2022-en-vizcaya-59890707-covo.aspx (intento 4)
2025-03-22 21:08:51,643 - INFO - Esperando 16.38 segundos antes del siguiente intento...
2025-03-22 21:09:12,038 - WARNING - 🚨 Bloqueado en: https://www.coches.net/opel-corsa-12-xel-55kw-75cv-edition-5p-gasolina-2022-en-vizcaya-59890707-covo.aspx (intento 5)
2025-03-22 21:09:12,038 - INFO - Esperando 27.25 segundos antes del siguiente intento...
2025-03-22 21:09:39,324 - INFO - 🔗 Scraping coche 2/60 de car_links_2025-03-22_21-08.txt: https://www.coches.net/ford-fiesta-1.0-ecoboost-74kw-stline-ss-5p-5p-gasolina-2019-en-barcelona-60069073-covo.aspx
2025-03-22 21:09:42,004 - WARNING - 🚨 Bloqueado en: https://www.coches.net/ford-fiesta-1.0-ecoboost-74kw-stline-ss-5p-5p-gasolina-2019-en-barcelona-60069073-covo.aspx (intento 1)
2025-03-22 21:09:42,004 - INFO - Esperando 2.50 segundos antes del siguiente intento...
2025-03-22 21:09:48,395 - WARNING - 🚨 Bloqueado en: https://www.coches.net/ford-fiesta-1.0-ecoboost-74kw-stline-ss-5p-5p-gasolina-2019-en-barcelona-60069073-covo.aspx (intento 2)
2025-03-22 21:09:48,395 - INFO - Esperando 2.21 segundos antes del siguiente intento...
2025-03-22 21:09:53,008 - WARNING - 🚨 Bloqueado en: https://www.coches.net/ford-fiesta-1.0-ecoboost-74kw-stline-ss-5p-5p-gasolina-2019-en-barcelona-60069073-covo.aspx (intento 3)
2025-03-22 21:09:53,008 - INFO - Esperando 4.95 segundos antes del siguiente intento...
2025-03-22 21:10:00,969 - WARNING - 🚨 Bloqueado en: https://www.coches.net/ford-fiesta-1.0-ecoboost-74kw-stline-ss-5p-5p-gasolina-2019-en-barcelona-60069073-covo.aspx (intento 4)
2025-03-22 21:10:00,970 - INFO - Esperando 20.91 segundos antes del siguiente intento...
2025-03-22 21:10:07,348 - INFO - ⚠️ Interrupción detectada. Guardando datos parciales...
2025-03-22 21:10:07,350 - INFO - Enlaces parciales guardados en: data/car_links_partial_2025-03-22_21-10.txt
2025-03-22 21:10:07,350 - INFO - ✅ Datos parciales guardados exitosamente
2025-03-22 21:10:20,160 - INFO - patching driver executable /home/josito/.local/share/undetected_chromedriver/undetected_chromedriver
2025-03-22 21:10:20,838 - INFO - 📄 Cargando página 1: https://www.coches.net/segunda-mano/?pg=1
2025-03-22 21:10:24,806 - INFO - 🔗 Extraídos 30 enlaces
2025-03-22 21:10:24,806 - INFO - 📄 Cargando página 2: https://www.coches.net/segunda-mano/?pg=2
2025-03-22 21:10:28,824 - INFO - 🔗 Extraídos 30 enlaces
2025-03-22 21:10:28,946 - INFO - 📄 Procesando el archivo más reciente: data/car_links_2025-03-22_21-10.txt
2025-03-22 21:10:28,946 - INFO - 📄 Procesando car_links_2025-03-22_21-10.txt (60 enlaces)
2025-03-22 21:10:29,983 - INFO - 🔗 Scraping coche 1/60 de car_links_2025-03-22_21-10.txt: https://www.coches.net/opel-corsa-12-xel-55kw-75cv-edition-5p-gasolina-2022-en-vizcaya-59890707-covo.aspx
2025-03-22 21:10:32,818 - WARNING - 🚨 Bloqueado en: https://www.coches.net/opel-corsa-12-xel-55kw-75cv-edition-5p-gasolina-2022-en-vizcaya-59890707-covo.aspx (intento 1)
2025-03-22 21:10:32,819 - INFO - Esperando 2.61 segundos antes del siguiente intento...
2025-03-22 21:10:39,180 - WARNING - 🚨 Bloqueado en: https://www.coches.net/opel-corsa-12-xel-55kw-75cv-edition-5p-gasolina-2022-en-vizcaya-59890707-covo.aspx (intento 2)
2025-03-22 21:10:39,181 - INFO - Esperando 5.49 segundos antes del siguiente intento...
2025-03-22 21:10:50,987 - INFO - patching driver executable /home/josito/.local/share/undetected_chromedriver/undetected_chromedriver
2025-03-22 21:10:59,938 - ERROR - Error usando Selenium para https://www.coches.net/opel-corsa-12-xel-55kw-75cv-edition-5p-gasolina-2022-en-vizcaya-59890707-covo.aspx: 'CarScraper' object has no attribute '_get_features'
2025-03-22 21:11:00,047 - INFO - 🔗 Scraping coche 2/60 de car_links_2025-03-22_21-10.txt: https://www.coches.net/ford-fiesta-1.0-ecoboost-74kw-stline-ss-5p-5p-gasolina-2019-en-barcelona-60069073-covo.aspx
2025-03-22 21:11:03,434 - WARNING - 🚨 Bloqueado en: https://www.coches.net/ford-fiesta-1.0-ecoboost-74kw-stline-ss-5p-5p-gasolina-2019-en-barcelona-60069073-covo.aspx (intento 1)
2025-03-22 21:11:03,434 - INFO - Esperando 1.81 segundos antes del siguiente intento...
2025-03-22 21:11:09,372 - WARNING - 🚨 Bloqueado en: https://www.coches.net/ford-fiesta-1.0-ecoboost-74kw-stline-ss-5p-5p-gasolina-2019-en-barcelona-60069073-covo.aspx (intento 2)
2025-03-22 21:11:09,373 - INFO - Esperando 5.40 segundos antes del siguiente intento...
2025-03-22 21:11:20,495 - INFO - patching driver executable /home/josito/.local/share/undetected_chromedriver/undetected_chromedriver
2025-03-22 21:11:30,156 - ERROR - Error usando Selenium para https://www.coches.net/ford-fiesta-1.0-ecoboost-74kw-stline-ss-5p-5p-gasolina-2019-en-barcelona-60069073-covo.aspx: 'CarScraper' object has no attribute '_get_features'
2025-03-22 21:11:30,268 - INFO - 🔗 Scraping coche 3/60 de car_links_2025-03-22_21-10.txt: https://www.coches.net/peugeot-308-5p-style-1.5-bluehdi-96kw-130cv-5p-diesel-2019-en-madrid-60150103-covo.aspx
2025-03-22 21:11:33,441 - WARNING - 🚨 Bloqueado en: https://www.coches.net/peugeot-308-5p-style-1.5-bluehdi-96kw-130cv-5p-diesel-2019-en-madrid-60150103-covo.aspx (intento 1)
2025-03-22 21:11:33,441 - INFO - Esperando 1.46 segundos antes del siguiente intento...
2025-03-22 21:11:38,725 - WARNING - 🚨 Bloqueado en: https://www.coches.net/peugeot-308-5p-style-1.5-bluehdi-96kw-130cv-5p-diesel-2019-en-madrid-60150103-covo.aspx (intento 2)
2025-03-22 21:11:38,726 - INFO - Esperando 4.91 segundos antes del siguiente intento...
2025-03-22 21:11:43,110 - INFO - ⚠️ Interrupción detectada. Guardando datos parciales...
2025-03-22 21:11:43,112 - INFO - Enlaces parciales guardados en: data/car_links_partial_2025-03-22_21-11.txt
2025-03-22 21:11:43,113 - INFO - ✅ Datos parciales guardados exitosamente
2025-03-22 21:15:19,080 - INFO - patching driver executable /home/josito/.local/share/undetected_chromedriver/undetected_chromedriver
2025-03-22 21:15:19,765 - INFO - 📄 Cargando página 1: https://www.coches.net/segunda-mano/?pg=1
2025-03-22 21:15:23,771 - INFO - 🔗 Extraídos 30 enlaces
2025-03-22 21:15:23,771 - INFO - 📄 Cargando página 2: https://www.coches.net/segunda-mano/?pg=2
2025-03-22 21:15:27,763 - INFO - 🔗 Extraídos 30 enlaces
2025-03-22 21:15:27,874 - INFO - 📄 Procesando el archivo más reciente: data/car_links_2025-03-22_21-15.txt
2025-03-22 21:15:27,874 - INFO - 📄 Procesando car_links_2025-03-22_21-15.txt (60 enlaces)
2025-03-22 21:15:29,698 - INFO - 🔗 Scraping coche 1/60 de car_links_2025-03-22_21-15.txt: https://www.coches.net/opel-corsa-12-xel-55kw-75cv-edition-5p-gasolina-2022-en-vizcaya-59890707-covo.aspx
2025-03-22 21:15:32,234 - WARNING - 🚨 Bloqueado en: https://www.coches.net/opel-corsa-12-xel-55kw-75cv-edition-5p-gasolina-2022-en-vizcaya-59890707-covo.aspx (intento 1)
2025-03-22 21:15:32,235 - INFO - Esperando 2.56 segundos antes del siguiente intento...
2025-03-22 21:15:37,682 - WARNING - 🚨 Bloqueado en: https://www.coches.net/opel-corsa-12-xel-55kw-75cv-edition-5p-gasolina-2022-en-vizcaya-59890707-covo.aspx (intento 2)
2025-03-22 21:15:37,683 - INFO - Esperando 3.00 segundos antes del siguiente intento...
2025-03-22 21:15:44,761 - INFO - patching driver executable /home/josito/.local/share/undetected_chromedriver/undetected_chromedriver
2025-03-22 21:15:53,932 - INFO - 🔗 Scraping coche 2/60 de car_links_2025-03-22_21-15.txt: https://www.coches.net/ford-fiesta-1.0-ecoboost-74kw-stline-ss-5p-5p-gasolina-2019-en-barcelona-60069073-covo.aspx
2025-03-22 21:15:56,664 - WARNING - 🚨 Bloqueado en: https://www.coches.net/ford-fiesta-1.0-ecoboost-74kw-stline-ss-5p-5p-gasolina-2019-en-barcelona-60069073-covo.aspx (intento 1)
2025-03-22 21:15:56,664 - INFO - Esperando 2.61 segundos antes del siguiente intento...
2025-03-22 21:16:02,442 - WARNING - 🚨 Bloqueado en: https://www.coches.net/ford-fiesta-1.0-ecoboost-74kw-stline-ss-5p-5p-gasolina-2019-en-barcelona-60069073-covo.aspx (intento 2)
2025-03-22 21:16:02,443 - INFO - Esperando 4.73 segundos antes del siguiente intento...
2025-03-22 21:16:12,938 - INFO - patching driver executable /home/josito/.local/share/undetected_chromedriver/undetected_chromedriver
2025-03-22 21:16:21,628 - INFO - ✅ Datos parciales guardados en: data/coches_data_partial_2025-03-22_21-16.parquet
2025-03-22 21:16:21,630 - INFO - ✅ Backup guardado en CSV: data/coches_data_partial_2025-03-22_21-16.csv
2025-03-22 21:16:21,631 - INFO - 📊 Resumen: Total=2, Con características=2
2025-03-22 21:16:21,632 - INFO - 💾 Guardados 2 registros parciales
2025-03-22 21:16:25,487 - INFO - 🔗 Scraping coche 3/60 de car_links_2025-03-22_21-15.txt: https://www.coches.net/peugeot-308-5p-style-1.5-bluehdi-96kw-130cv-5p-diesel-2019-en-madrid-60150103-covo.aspx
2025-03-22 21:16:27,940 - WARNING - 🚨 Bloqueado en: https://www.coches.net/peugeot-308-5p-style-1.5-bluehdi-96kw-130cv-5p-diesel-2019-en-madrid-60150103-covo.aspx (intento 1)
2025-03-22 21:16:27,940 - INFO - Esperando 2.80 segundos antes del siguiente intento...
2025-03-22 21:16:33,062 - WARNING - 🚨 Bloqueado en: https://www.coches.net/peugeot-308-5p-style-1.5-bluehdi-96kw-130cv-5p-diesel-2019-en-madrid-60150103-covo.aspx (intento 2)
2025-03-22 21:16:33,062 - INFO - Esperando 4.76 segundos antes del siguiente intento...
2025-03-22 21:16:44,574 - INFO - patching driver executable /home/josito/.local/share/undetected_chromedriver/undetected_chromedriver
2025-03-22 21:16:52,421 - INFO - 🔗 Scraping coche 4/60 de car_links_2025-03-22_21-15.txt: https://www.coches.net/ford-focus-1.5-ecoblue-88kw-titanium-5p-diesel-2021-en-madrid-59987467-covo.aspx
2025-03-22 21:16:55,395 - WARNING - 🚨 Bloqueado en: https://www.coches.net/ford-focus-1.5-ecoblue-88kw-titanium-5p-diesel-2021-en-madrid-59987467-covo.aspx (intento 1)
2025-03-22 21:16:55,396 - INFO - Esperando 1.18 segundos antes del siguiente intento...
2025-03-22 21:17:00,605 - WARNING - 🚨 Bloqueado en: https://www.coches.net/ford-focus-1.5-ecoblue-88kw-titanium-5p-diesel-2021-en-madrid-59987467-covo.aspx (intento 2)
2025-03-22 21:17:00,605 - INFO - Esperando 3.51 segundos antes del siguiente intento...
2025-03-22 21:17:08,783 - INFO - patching driver executable /home/josito/.local/share/undetected_chromedriver/undetected_chromedriver
2025-03-22 21:17:14,565 - INFO - ✅ Datos parciales guardados en: data/coches_data_partial_2025-03-22_21-17.parquet
2025-03-22 21:17:14,566 - INFO - ✅ Backup guardado en CSV: data/coches_data_partial_2025-03-22_21-17.csv
2025-03-22 21:17:14,567 - INFO - 📊 Resumen: Total=4, Con características=4
2025-03-22 21:17:14,567 - INFO - 💾 Guardados 4 registros parciales
2025-03-22 21:17:16,666 - INFO - 🔗 Scraping coche 5/60 de car_links_2025-03-22_21-15.txt: https://www.coches.net/citroen-c3-puretech-60kw-82cv-105g-business-5p-gasolina-2018-en-vizcaya-59985675-covo.aspx
2025-03-22 21:17:18,832 - WARNING - 🚨 Bloqueado en: https://www.coches.net/citroen-c3-puretech-60kw-82cv-105g-business-5p-gasolina-2018-en-vizcaya-59985675-covo.aspx (intento 1)
2025-03-22 21:17:18,832 - INFO - Esperando 1.65 segundos antes del siguiente intento...
2025-03-22 21:17:22,722 - WARNING - 🚨 Bloqueado en: https://www.coches.net/citroen-c3-puretech-60kw-82cv-105g-business-5p-gasolina-2018-en-vizcaya-59985675-covo.aspx (intento 2)
2025-03-22 21:17:22,723 - INFO - Esperando 2.45 segundos antes del siguiente intento...
2025-03-22 21:17:26,468 - INFO - ⚠️ Interrupción detectada. Guardando datos parciales...
2025-03-22 21:17:26,470 - INFO - Enlaces parciales guardados en: data/car_links_partial_2025-03-22_21-17.txt
2025-03-22 21:17:26,474 - INFO - ✅ Datos parciales guardados en: data/coches_data_partial_2025-03-22_21-17.parquet
2025-03-22 21:17:26,475 - INFO - ✅ Backup guardado en CSV: data/coches_data_partial_2025-03-22_21-17.csv
2025-03-22 21:17:26,476 - INFO - 📊 Resumen: Total=4, Con características=4
2025-03-22 21:17:26,476 - INFO - ✅ Datos parciales guardados exitosamente
